Archive member included because of file (symbol)

c:/program files (x86)/gnu tools arm embedded/4.9 2014q4/bin/../lib/gcc/arm-none-eabi/4.9.3/../../../../arm-none-eabi/lib/armv7e-m\libg.a(lib_a-exit.o)
                              c:/program files (x86)/gnu tools arm embedded/4.9 2014q4/bin/../lib/gcc/arm-none-eabi/4.9.3/../../../../arm-none-eabi/lib/armv7e-m/crt0.o (exit)
c:/program files (x86)/gnu tools arm embedded/4.9 2014q4/bin/../lib/gcc/arm-none-eabi/4.9.3/../../../../arm-none-eabi/lib/armv7e-m\libg.a(lib_a-impure.o)
                              c:/program files (x86)/gnu tools arm embedded/4.9 2014q4/bin/../lib/gcc/arm-none-eabi/4.9.3/../../../../arm-none-eabi/lib/armv7e-m\libg.a(lib_a-exit.o) (_global_impure_ptr)
c:/program files (x86)/gnu tools arm embedded/4.9 2014q4/bin/../lib/gcc/arm-none-eabi/4.9.3/../../../../arm-none-eabi/lib/armv7e-m\libg.a(lib_a-init.o)
                              c:/program files (x86)/gnu tools arm embedded/4.9 2014q4/bin/../lib/gcc/arm-none-eabi/4.9.3/../../../../arm-none-eabi/lib/armv7e-m/crt0.o (__libc_init_array)
c:/program files (x86)/gnu tools arm embedded/4.9 2014q4/bin/../lib/gcc/arm-none-eabi/4.9.3/../../../../arm-none-eabi/lib/armv7e-m\libg.a(lib_a-memset.o)
                              c:/program files (x86)/gnu tools arm embedded/4.9 2014q4/bin/../lib/gcc/arm-none-eabi/4.9.3/../../../../arm-none-eabi/lib/armv7e-m/crt0.o (memset)
c:/program files (x86)/gnu tools arm embedded/4.9 2014q4/bin/../lib/gcc/arm-none-eabi/4.9.3/../../../../arm-none-eabi/lib/armv7e-m\libg.a(lib_a-__call_atexit.o)
                              c:/program files (x86)/gnu tools arm embedded/4.9 2014q4/bin/../lib/gcc/arm-none-eabi/4.9.3/../../../../arm-none-eabi/lib/armv7e-m\libg.a(lib_a-exit.o) (__call_exitprocs)
c:/program files (x86)/gnu tools arm embedded/4.9 2014q4/bin/../lib/gcc/arm-none-eabi/4.9.3/../../../../arm-none-eabi/lib/armv7e-m\libg.a(lib_a-atexit.o)
                              c:/program files (x86)/gnu tools arm embedded/4.9 2014q4/bin/../lib/gcc/arm-none-eabi/4.9.3/../../../../arm-none-eabi/lib/armv7e-m\libg.a(lib_a-__call_atexit.o) (atexit)
c:/program files (x86)/gnu tools arm embedded/4.9 2014q4/bin/../lib/gcc/arm-none-eabi/4.9.3/../../../../arm-none-eabi/lib/armv7e-m\libg.a(lib_a-fini.o)
                              c:/program files (x86)/gnu tools arm embedded/4.9 2014q4/bin/../lib/gcc/arm-none-eabi/4.9.3/../../../../arm-none-eabi/lib/armv7e-m\libg.a(lib_a-__call_atexit.o) (__libc_fini_array)
c:/program files (x86)/gnu tools arm embedded/4.9 2014q4/bin/../lib/gcc/arm-none-eabi/4.9.3/../../../../arm-none-eabi/lib/armv7e-m\libg.a(lib_a-__atexit.o)
                              c:/program files (x86)/gnu tools arm embedded/4.9 2014q4/bin/../lib/gcc/arm-none-eabi/4.9.3/../../../../arm-none-eabi/lib/armv7e-m\libg.a(lib_a-atexit.o) (__register_exitproc)

Discarded input sections

 .text          0x00000000        0x0 c:/program files (x86)/gnu tools arm embedded/4.9 2014q4/bin/../lib/gcc/arm-none-eabi/4.9.3/armv7e-m/crti.o
 .data          0x00000000        0x0 c:/program files (x86)/gnu tools arm embedded/4.9 2014q4/bin/../lib/gcc/arm-none-eabi/4.9.3/armv7e-m/crti.o
 .bss           0x00000000        0x0 c:/program files (x86)/gnu tools arm embedded/4.9 2014q4/bin/../lib/gcc/arm-none-eabi/4.9.3/armv7e-m/crti.o
 .data          0x00000000        0x4 c:/program files (x86)/gnu tools arm embedded/4.9 2014q4/bin/../lib/gcc/arm-none-eabi/4.9.3/armv7e-m/crtbegin.o
 .text          0x00000000       0x74 c:/program files (x86)/gnu tools arm embedded/4.9 2014q4/bin/../lib/gcc/arm-none-eabi/4.9.3/../../../../arm-none-eabi/lib/armv7e-m/crt0.o
 .data          0x00000000        0x0 c:/program files (x86)/gnu tools arm embedded/4.9 2014q4/bin/../lib/gcc/arm-none-eabi/4.9.3/../../../../arm-none-eabi/lib/armv7e-m/crt0.o
 .bss           0x00000000        0x0 c:/program files (x86)/gnu tools arm embedded/4.9 2014q4/bin/../lib/gcc/arm-none-eabi/4.9.3/../../../../arm-none-eabi/lib/armv7e-m/crt0.o
 .ARM.extab     0x00000000        0x0 c:/program files (x86)/gnu tools arm embedded/4.9 2014q4/bin/../lib/gcc/arm-none-eabi/4.9.3/../../../../arm-none-eabi/lib/armv7e-m/crt0.o
 .ARM.exidx     0x00000000        0x8 c:/program files (x86)/gnu tools arm embedded/4.9 2014q4/bin/../lib/gcc/arm-none-eabi/4.9.3/../../../../arm-none-eabi/lib/armv7e-m/crt0.o
 .ARM.attributes
                0x00000000       0x1c c:/program files (x86)/gnu tools arm embedded/4.9 2014q4/bin/../lib/gcc/arm-none-eabi/4.9.3/../../../../arm-none-eabi/lib/armv7e-m/crt0.o
 .data          0x00000000        0x0 ..\obj\stm32f4xx_gpio.o
 .bss           0x00000000        0x0 ..\obj\stm32f4xx_gpio.o
 .data          0x00000000        0x0 ..\obj\startup_stm32f4xx.o
 .bss           0x00000000        0x0 ..\obj\startup_stm32f4xx.o
 .bss           0x00000000        0x0 ..\obj\stm32_ub_led.o
 .bss           0x00000000        0x0 ..\obj\stm32f4xx_rcc.o
 .bss           0x00000000        0x0 ..\obj\system_stm32f4xx.o
 .data          0x00000000        0x0 ..\obj\stm32f4xx_fmc.o
 .bss           0x00000000        0x0 ..\obj\stm32f4xx_fmc.o
 .text          0x00000000        0x0 ..\obj\STM32F429_Discoveryboard.o
 .data          0x00000000        0x0 ..\obj\STM32F429_Discoveryboard.o
 .bss           0x00000000        0x0 ..\obj\STM32F429_Discoveryboard.o
 .debug_line    0x00000000        0x0 ..\obj\STM32F429_Discoveryboard.o
 .debug_str     0x00000000      0x121 ..\obj\STM32F429_Discoveryboard.o
 .comment       0x00000000       0x71 ..\obj\STM32F429_Discoveryboard.o
 .ARM.attributes
                0x00000000       0x33 ..\obj\STM32F429_Discoveryboard.o
 .data          0x00000000        0x0 ..\obj\stm32_ub_sdram.o
 .data          0x00000000        0x0 ..\obj\main.o
 .bss           0x00000000        0x0 ..\obj\main.o
 .text          0x00000000        0x0 c:/program files (x86)/gnu tools arm embedded/4.9 2014q4/bin/../lib/gcc/arm-none-eabi/4.9.3/../../../../arm-none-eabi/lib/armv7e-m\libg.a(lib_a-exit.o)
 .data          0x00000000        0x0 c:/program files (x86)/gnu tools arm embedded/4.9 2014q4/bin/../lib/gcc/arm-none-eabi/4.9.3/../../../../arm-none-eabi/lib/armv7e-m\libg.a(lib_a-exit.o)
 .bss           0x00000000        0x0 c:/program files (x86)/gnu tools arm embedded/4.9 2014q4/bin/../lib/gcc/arm-none-eabi/4.9.3/../../../../arm-none-eabi/lib/armv7e-m\libg.a(lib_a-exit.o)
 .text.exit     0x00000000       0x20 c:/program files (x86)/gnu tools arm embedded/4.9 2014q4/bin/../lib/gcc/arm-none-eabi/4.9.3/../../../../arm-none-eabi/lib/armv7e-m\libg.a(lib_a-exit.o)
 .debug_frame   0x00000000       0x28 c:/program files (x86)/gnu tools arm embedded/4.9 2014q4/bin/../lib/gcc/arm-none-eabi/4.9.3/../../../../arm-none-eabi/lib/armv7e-m\libg.a(lib_a-exit.o)
 .ARM.attributes
                0x00000000       0x2e c:/program files (x86)/gnu tools arm embedded/4.9 2014q4/bin/../lib/gcc/arm-none-eabi/4.9.3/../../../../arm-none-eabi/lib/armv7e-m\libg.a(lib_a-exit.o)
 .text          0x00000000        0x0 c:/program files (x86)/gnu tools arm embedded/4.9 2014q4/bin/../lib/gcc/arm-none-eabi/4.9.3/../../../../arm-none-eabi/lib/armv7e-m\libg.a(lib_a-impure.o)
 .data          0x00000000        0x0 c:/program files (x86)/gnu tools arm embedded/4.9 2014q4/bin/../lib/gcc/arm-none-eabi/4.9.3/../../../../arm-none-eabi/lib/armv7e-m\libg.a(lib_a-impure.o)
 .bss           0x00000000        0x0 c:/program files (x86)/gnu tools arm embedded/4.9 2014q4/bin/../lib/gcc/arm-none-eabi/4.9.3/../../../../arm-none-eabi/lib/armv7e-m\libg.a(lib_a-impure.o)
 .data._impure_ptr
                0x00000000        0x4 c:/program files (x86)/gnu tools arm embedded/4.9 2014q4/bin/../lib/gcc/arm-none-eabi/4.9.3/../../../../arm-none-eabi/lib/armv7e-m\libg.a(lib_a-impure.o)
 .text          0x00000000        0x0 c:/program files (x86)/gnu tools arm embedded/4.9 2014q4/bin/../lib/gcc/arm-none-eabi/4.9.3/../../../../arm-none-eabi/lib/armv7e-m\libg.a(lib_a-init.o)
 .data          0x00000000        0x0 c:/program files (x86)/gnu tools arm embedded/4.9 2014q4/bin/../lib/gcc/arm-none-eabi/4.9.3/../../../../arm-none-eabi/lib/armv7e-m\libg.a(lib_a-init.o)
 .bss           0x00000000        0x0 c:/program files (x86)/gnu tools arm embedded/4.9 2014q4/bin/../lib/gcc/arm-none-eabi/4.9.3/../../../../arm-none-eabi/lib/armv7e-m\libg.a(lib_a-init.o)
 .text.__libc_init_array
                0x00000000       0x50 c:/program files (x86)/gnu tools arm embedded/4.9 2014q4/bin/../lib/gcc/arm-none-eabi/4.9.3/../../../../arm-none-eabi/lib/armv7e-m\libg.a(lib_a-init.o)
 .debug_frame   0x00000000       0x2c c:/program files (x86)/gnu tools arm embedded/4.9 2014q4/bin/../lib/gcc/arm-none-eabi/4.9.3/../../../../arm-none-eabi/lib/armv7e-m\libg.a(lib_a-init.o)
 .ARM.attributes
                0x00000000       0x2e c:/program files (x86)/gnu tools arm embedded/4.9 2014q4/bin/../lib/gcc/arm-none-eabi/4.9.3/../../../../arm-none-eabi/lib/armv7e-m\libg.a(lib_a-init.o)
 .text          0x00000000        0x0 c:/program files (x86)/gnu tools arm embedded/4.9 2014q4/bin/../lib/gcc/arm-none-eabi/4.9.3/../../../../arm-none-eabi/lib/armv7e-m\libg.a(lib_a-memset.o)
 .data          0x00000000        0x0 c:/program files (x86)/gnu tools arm embedded/4.9 2014q4/bin/../lib/gcc/arm-none-eabi/4.9.3/../../../../arm-none-eabi/lib/armv7e-m\libg.a(lib_a-memset.o)
 .bss           0x00000000        0x0 c:/program files (x86)/gnu tools arm embedded/4.9 2014q4/bin/../lib/gcc/arm-none-eabi/4.9.3/../../../../arm-none-eabi/lib/armv7e-m\libg.a(lib_a-memset.o)
 .text.memset   0x00000000       0x9c c:/program files (x86)/gnu tools arm embedded/4.9 2014q4/bin/../lib/gcc/arm-none-eabi/4.9.3/../../../../arm-none-eabi/lib/armv7e-m\libg.a(lib_a-memset.o)
 .debug_frame   0x00000000       0x34 c:/program files (x86)/gnu tools arm embedded/4.9 2014q4/bin/../lib/gcc/arm-none-eabi/4.9.3/../../../../arm-none-eabi/lib/armv7e-m\libg.a(lib_a-memset.o)
 .ARM.attributes
                0x00000000       0x2e c:/program files (x86)/gnu tools arm embedded/4.9 2014q4/bin/../lib/gcc/arm-none-eabi/4.9.3/../../../../arm-none-eabi/lib/armv7e-m\libg.a(lib_a-memset.o)
 .text          0x00000000        0x0 c:/program files (x86)/gnu tools arm embedded/4.9 2014q4/bin/../lib/gcc/arm-none-eabi/4.9.3/../../../../arm-none-eabi/lib/armv7e-m\libg.a(lib_a-__call_atexit.o)
 .data          0x00000000        0x0 c:/program files (x86)/gnu tools arm embedded/4.9 2014q4/bin/../lib/gcc/arm-none-eabi/4.9.3/../../../../arm-none-eabi/lib/armv7e-m\libg.a(lib_a-__call_atexit.o)
 .bss           0x00000000        0x0 c:/program files (x86)/gnu tools arm embedded/4.9 2014q4/bin/../lib/gcc/arm-none-eabi/4.9.3/../../../../arm-none-eabi/lib/armv7e-m\libg.a(lib_a-__call_atexit.o)
 .text.__call_exitprocs
                0x00000000       0xd4 c:/program files (x86)/gnu tools arm embedded/4.9 2014q4/bin/../lib/gcc/arm-none-eabi/4.9.3/../../../../arm-none-eabi/lib/armv7e-m\libg.a(lib_a-__call_atexit.o)
 .text          0x00000000        0x0 c:/program files (x86)/gnu tools arm embedded/4.9 2014q4/bin/../lib/gcc/arm-none-eabi/4.9.3/../../../../arm-none-eabi/lib/armv7e-m\libg.a(lib_a-atexit.o)
 .data          0x00000000        0x0 c:/program files (x86)/gnu tools arm embedded/4.9 2014q4/bin/../lib/gcc/arm-none-eabi/4.9.3/../../../../arm-none-eabi/lib/armv7e-m\libg.a(lib_a-atexit.o)
 .bss           0x00000000        0x0 c:/program files (x86)/gnu tools arm embedded/4.9 2014q4/bin/../lib/gcc/arm-none-eabi/4.9.3/../../../../arm-none-eabi/lib/armv7e-m\libg.a(lib_a-atexit.o)
 .text          0x00000000        0x0 c:/program files (x86)/gnu tools arm embedded/4.9 2014q4/bin/../lib/gcc/arm-none-eabi/4.9.3/../../../../arm-none-eabi/lib/armv7e-m\libg.a(lib_a-fini.o)
 .data          0x00000000        0x0 c:/program files (x86)/gnu tools arm embedded/4.9 2014q4/bin/../lib/gcc/arm-none-eabi/4.9.3/../../../../arm-none-eabi/lib/armv7e-m\libg.a(lib_a-fini.o)
 .bss           0x00000000        0x0 c:/program files (x86)/gnu tools arm embedded/4.9 2014q4/bin/../lib/gcc/arm-none-eabi/4.9.3/../../../../arm-none-eabi/lib/armv7e-m\libg.a(lib_a-fini.o)
 .text          0x00000000        0x0 c:/program files (x86)/gnu tools arm embedded/4.9 2014q4/bin/../lib/gcc/arm-none-eabi/4.9.3/../../../../arm-none-eabi/lib/armv7e-m\libg.a(lib_a-__atexit.o)
 .data          0x00000000        0x0 c:/program files (x86)/gnu tools arm embedded/4.9 2014q4/bin/../lib/gcc/arm-none-eabi/4.9.3/../../../../arm-none-eabi/lib/armv7e-m\libg.a(lib_a-__atexit.o)
 .bss           0x00000000        0x0 c:/program files (x86)/gnu tools arm embedded/4.9 2014q4/bin/../lib/gcc/arm-none-eabi/4.9.3/../../../../arm-none-eabi/lib/armv7e-m\libg.a(lib_a-__atexit.o)
 .text          0x00000000        0x0 c:/program files (x86)/gnu tools arm embedded/4.9 2014q4/bin/../lib/gcc/arm-none-eabi/4.9.3/armv7e-m/crtend.o
 .data          0x00000000        0x0 c:/program files (x86)/gnu tools arm embedded/4.9 2014q4/bin/../lib/gcc/arm-none-eabi/4.9.3/armv7e-m/crtend.o
 .bss           0x00000000        0x0 c:/program files (x86)/gnu tools arm embedded/4.9 2014q4/bin/../lib/gcc/arm-none-eabi/4.9.3/armv7e-m/crtend.o
 .eh_frame      0x00000000        0x4 c:/program files (x86)/gnu tools arm embedded/4.9 2014q4/bin/../lib/gcc/arm-none-eabi/4.9.3/armv7e-m/crtend.o
 .text          0x00000000        0x0 c:/program files (x86)/gnu tools arm embedded/4.9 2014q4/bin/../lib/gcc/arm-none-eabi/4.9.3/armv7e-m/crtn.o
 .data          0x00000000        0x0 c:/program files (x86)/gnu tools arm embedded/4.9 2014q4/bin/../lib/gcc/arm-none-eabi/4.9.3/armv7e-m/crtn.o
 .bss           0x00000000        0x0 c:/program files (x86)/gnu tools arm embedded/4.9 2014q4/bin/../lib/gcc/arm-none-eabi/4.9.3/armv7e-m/crtn.o

Memory Configuration

Name             Origin             Length             Attributes
rom              0x08000000         0x00200000         xr
ram              0x20000000         0x00030000         xrw
*default*        0x00000000         0xffffffff

Linker script and memory map

LOAD c:/program files (x86)/gnu tools arm embedded/4.9 2014q4/bin/../lib/gcc/arm-none-eabi/4.9.3/armv7e-m/crti.o
LOAD c:/program files (x86)/gnu tools arm embedded/4.9 2014q4/bin/../lib/gcc/arm-none-eabi/4.9.3/armv7e-m/crtbegin.o
LOAD c:/program files (x86)/gnu tools arm embedded/4.9 2014q4/bin/../lib/gcc/arm-none-eabi/4.9.3/../../../../arm-none-eabi/lib/armv7e-m/crt0.o
                0x20030000                _eram = 0x20030000

.text           0x08000000     0x2c70
 *(.isr_vector)
 .isr_vector    0x08000000      0x188 ..\obj\startup_stm32f4xx.o
                0x08000000                g_pfnVectors
 *(.text*)
 .text          0x08000188       0x5c c:/program files (x86)/gnu tools arm embedded/4.9 2014q4/bin/../lib/gcc/arm-none-eabi/4.9.3/armv7e-m/crtbegin.o
 .text          0x080001e4      0x4d0 ..\obj\stm32f4xx_gpio.o
                0x080001e4                GPIO_DeInit
                0x08000348                GPIO_Init
                0x08000464                GPIO_StructInit
                0x08000498                GPIO_PinLockConfig
                0x080004dc                GPIO_ReadInputDataBit
                0x08000510                GPIO_ReadInputData
                0x0800052c                GPIO_ReadOutputDataBit
                0x08000560                GPIO_ReadOutputData
                0x0800057c                GPIO_SetBits
                0x08000598                GPIO_ResetBits
                0x080005b4                GPIO_WriteBit
                0x080005e4                GPIO_Write
                0x08000600                GPIO_ToggleBits
                0x08000624                GPIO_PinAFConfig
 .text          0x080006b4       0x60 ..\obj\startup_stm32f4xx.o
                0x080006b4                Default_Reset_Handler
                0x080006b4                Reset_Handler
                0x08000704                EXTI2_IRQHandler
                0x08000704                TIM8_CC_IRQHandler
                0x08000704                DebugMon_Handler
                0x08000704                TIM1_CC_IRQHandler
                0x08000704                DMA2_Stream5_IRQHandler
                0x08000704                HardFault_Handler
                0x08000704                DMA1_Stream5_IRQHandler
                0x08000704                SysTick_Handler
                0x08000704                PVD_IRQHandler
                0x08000704                SDIO_IRQHandler
                0x08000704                TAMP_STAMP_IRQHandler
                0x08000704                PendSV_Handler
                0x08000704                NMI_Handler
                0x08000704                CAN2_RX1_IRQHandler
                0x08000704                EXTI3_IRQHandler
                0x08000704                TIM8_TRG_COM_TIM14_IRQHandler
                0x08000704                TIM1_UP_TIM10_IRQHandler
                0x08000704                TIM8_UP_TIM13_IRQHandler
                0x08000704                HASH_RNG_IRQHandler
                0x08000704                EXTI0_IRQHandler
                0x08000704                I2C2_EV_IRQHandler
                0x08000704                DMA1_Stream2_IRQHandler
                0x08000704                CAN1_RX0_IRQHandler
                0x08000704                FPU_IRQHandler
                0x08000704                OTG_HS_WKUP_IRQHandler
                0x08000704                UsageFault_Handler
                0x08000704                CAN2_SCE_IRQHandler
                0x08000704                DMA2_Stream2_IRQHandler
                0x08000704                SPI1_IRQHandler
                0x08000704                TIM6_DAC_IRQHandler
                0x08000704                TIM1_BRK_TIM9_IRQHandler
                0x08000704                DCMI_IRQHandler
                0x08000704                CAN2_RX0_IRQHandler
                0x08000704                DMA2_Stream3_IRQHandler
                0x08000704                USART6_IRQHandler
                0x08000704                USART3_IRQHandler
                0x08000704                CRYP_IRQHandler
                0x08000704                I2C3_ER_IRQHandler
                0x08000704                CAN1_RX1_IRQHandler
                0x08000704                UART5_IRQHandler
                0x08000704                DMA2_Stream0_IRQHandler
                0x08000704                TIM4_IRQHandler
                0x08000704                I2C1_EV_IRQHandler
                0x08000704                DMA1_Stream6_IRQHandler
                0x08000704                DMA1_Stream1_IRQHandler
                0x08000704                UART4_IRQHandler
                0x08000704                TIM3_IRQHandler
                0x08000704                RCC_IRQHandler
                0x08000704                TIM8_BRK_TIM12_IRQHandler
                0x08000704                EXTI15_10_IRQHandler
                0x08000704                ADC_IRQHandler
                0x08000704                RTC_Alarm_IRQHandler
                0x08000704                DMA1_Stream7_IRQHandler
                0x08000704                TIM7_IRQHandler
                0x08000704                CAN2_TX_IRQHandler
                0x08000704                TIM5_IRQHandler
                0x08000704                DMA2_Stream7_IRQHandler
                0x08000704                I2C3_EV_IRQHandler
                0x08000704                EXTI9_5_IRQHandler
                0x08000704                RTC_WKUP_IRQHandler
                0x08000704                ETH_WKUP_IRQHandler
                0x08000704                SPI2_IRQHandler
                0x08000704                OTG_HS_EP1_IN_IRQHandler
                0x08000704                MemManage_Handler
                0x08000704                DMA1_Stream0_IRQHandler
                0x08000704                CAN1_TX_IRQHandler
                0x08000704                SVC_Handler
                0x08000704                EXTI4_IRQHandler
                0x08000704                FSMC_IRQHandler
                0x08000704                ETH_IRQHandler
                0x08000704                OTG_HS_EP1_OUT_IRQHandler
                0x08000704                WWDG_IRQHandler
                0x08000704                TIM2_IRQHandler
                0x08000704                OTG_FS_WKUP_IRQHandler
                0x08000704                TIM1_TRG_COM_TIM11_IRQHandler
                0x08000704                OTG_HS_IRQHandler
                0x08000704                EXTI1_IRQHandler
                0x08000704                USART2_IRQHandler
                0x08000704                I2C2_ER_IRQHandler
                0x08000704                DMA2_Stream1_IRQHandler
                0x08000704                CAN1_SCE_IRQHandler
                0x08000704                FLASH_IRQHandler
                0x08000704                DMA2_Stream4_IRQHandler
                0x08000704                BusFault_Handler
                0x08000704                USART1_IRQHandler
                0x08000704                OTG_FS_IRQHandler
                0x08000704                SPI3_IRQHandler
                0x08000704                DMA1_Stream4_IRQHandler
                0x08000704                I2C1_ER_IRQHandler
                0x08000704                DMA2_Stream6_IRQHandler
                0x08000704                DMA1_Stream3_IRQHandler
 .text          0x08000714      0x19c ..\obj\stm32_ub_led.o
                0x08000714                UB_Led_Init
                0x080007b8                UB_Led_Off
                0x080007f4                UB_Led_On
                0x08000830                UB_Led_Toggle
                0x08000880                UB_Led_Switch
 .text          0x080008b0      0xc44 ..\obj\stm32f4xx_rcc.o
                0x080008b0                RCC_DeInit
                0x08000920                RCC_HSEConfig
                0x08000944                RCC_WaitForHSEStartUp
                0x08000994                RCC_AdjustHSICalibrationValue
                0x080009d0                RCC_HSICmd
                0x080009f0                RCC_LSEConfig
                0x08000a30                RCC_LSICmd
                0x08000a50                RCC_PLLConfig
                0x08000a8c                RCC_PLLCmd
                0x08000aac                RCC_PLLI2SConfig
                0x08000adc                RCC_PLLI2SCmd
                0x08000afc                RCC_PLLSAIConfig
                0x08000b2c                RCC_PLLSAICmd
                0x08000b4c                RCC_ClockSecuritySystemCmd
                0x08000b6c                RCC_MCO1Config
                0x08000ba8                RCC_MCO2Config
                0x08000be4                RCC_SYSCLKConfig
                0x08000c1c                RCC_GetSYSCLKSource
                0x08000c3c                RCC_HCLKConfig
                0x08000c74                RCC_PCLK1Config
                0x08000cac                RCC_PCLK2Config
                0x08000ce4                RCC_GetClocksFreq
                0x08000e38                RCC_RTCCLKConfig
                0x08000e94                RCC_RTCCLKCmd
                0x08000eb4                RCC_BackupResetCmd
                0x08000ed4                RCC_I2SCLKConfig
                0x08000ef0                RCC_SAIPLLI2SClkDivConfig
                0x08000f2c                RCC_SAIPLLSAIClkDivConfig
                0x08000f6c                RCC_SAIBlockACLKConfig
                0x08000fa8                RCC_SAIBlockBCLKConfig
                0x08000fe4                RCC_LTDCCLKDivConfig
                0x08001020                RCC_TIMCLKPresConfig
                0x0800103c                RCC_AHB1PeriphClockCmd
                0x08001078                RCC_AHB2PeriphClockCmd
                0x080010b4                RCC_AHB3PeriphClockCmd
                0x080010f0                RCC_APB1PeriphClockCmd
                0x0800112c                RCC_APB2PeriphClockCmd
                0x08001168                RCC_AHB1PeriphResetCmd
                0x080011a4                RCC_AHB2PeriphResetCmd
                0x080011e0                RCC_AHB3PeriphResetCmd
                0x0800121c                RCC_APB1PeriphResetCmd
                0x08001258                RCC_APB2PeriphResetCmd
                0x08001294                RCC_AHB1PeriphClockLPModeCmd
                0x080012d0                RCC_AHB2PeriphClockLPModeCmd
                0x0800130c                RCC_AHB3PeriphClockLPModeCmd
                0x08001348                RCC_APB1PeriphClockLPModeCmd
                0x08001384                RCC_APB2PeriphClockLPModeCmd
                0x080013c0                RCC_ITConfig
                0x0800140c                RCC_GetFlagStatus
                0x08001480                RCC_ClearFlag
                0x0800149c                RCC_GetITStatus
                0x080014d4                RCC_ClearITPendingBit
 .text          0x080014f4      0x278 ..\obj\system_stm32f4xx.o
                0x080014f4                SystemInit
                0x0800154c                SystemCoreClockUpdate
 .text          0x0800176c      0xd9c ..\obj\stm32f4xx_fmc.o
                0x0800176c                FMC_NORSRAMDeInit
                0x080017c4                FMC_NORSRAMInit
                0x08001958                FMC_NORSRAMStructInit
                0x08001a34                FMC_NORSRAMCmd
                0x08001a88                FMC_NANDDeInit
                0x08001ae4                FMC_NANDInit
                0x08001bb0                FMC_NANDStructInit
                0x08001c2c                FMC_NANDCmd
                0x08001c98                FMC_NANDECCCmd
                0x08001d04                FMC_GetECC
                0x08001d3c                FMC_PCCARDDeInit
                0x08001d70                FMC_PCCARDInit
                0x08001e1c                FMC_PCCARDStructInit
                0x08001ea0                FMC_PCCARDCmd
                0x08001edc                FMC_SDRAMDeInit
                0x08001f20                FMC_SDRAMInit
                0x0800207c                FMC_SDRAMStructInit
                0x08002104                FMC_SDRAMCmdConfig
                0x08002144                FMC_GetModeStatus
                0x08002180                FMC_SetRefreshCount
                0x080021a4                FMC_SetAutoRefresh_Number
                0x080021c8                FMC_SDRAMWriteProtectionConfig
                0x08002214                FMC_ITConfig
                0x080022e4                FMC_GetFlagStatus
                0x08002360                FMC_ClearFlag
                0x080023d8                FMC_GetITStatus
                0x0800248c                FMC_ClearITPendingBit
 .text          0x08002508      0x59c ..\obj\stm32_ub_sdram.o
                0x08002508                UB_SDRAM_Init
                0x0800258c                UB_SDRAM_Write8b
                0x080025b0                UB_SDRAM_Read8b
                0x080025d4                UB_SDRAM_Write16b
                0x080025f8                UB_SDRAM_Read16b
                0x0800261c                UB_SDRAM_Write32b
                0x0800263c                UB_SDRAM_Read32b
                0x08002660                UB_SDRAM_WriteBuffer32b
                0x080026b4                UB_SDRAM_ReadBuffer32b
                0x08002700                P_SDRAM_InitIO
                0x08002914                P_SDRAM_InitFMC
                0x08002984                P_SDRAM_InitSequence
 .text          0x08002aa4       0xbc ..\obj\main.o
                0x08002aa4                Delay
                0x08002ac4                main
 .text.startup.register_fini
                0x08002b60       0x14 c:/program files (x86)/gnu tools arm embedded/4.9 2014q4/bin/../lib/gcc/arm-none-eabi/4.9.3/../../../../arm-none-eabi/lib/armv7e-m\libg.a(lib_a-__call_atexit.o)
 .text.atexit   0x08002b74        0xc c:/program files (x86)/gnu tools arm embedded/4.9 2014q4/bin/../lib/gcc/arm-none-eabi/4.9.3/../../../../arm-none-eabi/lib/armv7e-m\libg.a(lib_a-atexit.o)
                0x08002b74                atexit
 .text.__libc_fini_array
                0x08002b80       0x2c c:/program files (x86)/gnu tools arm embedded/4.9 2014q4/bin/../lib/gcc/arm-none-eabi/4.9.3/../../../../arm-none-eabi/lib/armv7e-m\libg.a(lib_a-fini.o)
                0x08002b80                __libc_fini_array
 .text.__register_exitproc
                0x08002bac       0xa4 c:/program files (x86)/gnu tools arm embedded/4.9 2014q4/bin/../lib/gcc/arm-none-eabi/4.9.3/../../../../arm-none-eabi/lib/armv7e-m\libg.a(lib_a-__atexit.o)
                0x08002bac                __register_exitproc
 *(.init)
 .init          0x08002c50        0x4 c:/program files (x86)/gnu tools arm embedded/4.9 2014q4/bin/../lib/gcc/arm-none-eabi/4.9.3/armv7e-m/crti.o
                0x08002c50                _init
 .init          0x08002c54        0x8 c:/program files (x86)/gnu tools arm embedded/4.9 2014q4/bin/../lib/gcc/arm-none-eabi/4.9.3/armv7e-m/crtn.o
 *(.fini)
 .fini          0x08002c5c        0x4 c:/program files (x86)/gnu tools arm embedded/4.9 2014q4/bin/../lib/gcc/arm-none-eabi/4.9.3/armv7e-m/crti.o
                0x08002c5c                _fini
 .fini          0x08002c60        0x8 c:/program files (x86)/gnu tools arm embedded/4.9 2014q4/bin/../lib/gcc/arm-none-eabi/4.9.3/armv7e-m/crtn.o
 *crtbegin.o(.ctors)
 *crtbegin?.o(.ctors)
 *(EXCLUDE_FILE(*crtend.o *crtend?.o) .ctors)
 *(SORT(.ctors.*))
 *(.ctors)
 *crtbegin.o(.dtors)
 *crtbegin?.o(.dtors)
 *(EXCLUDE_FILE(*crtend.o *crtend?.o) .dtors)
 *(SORT(.dtors.*))
 *(.dtors)
 *(.rodata*)
 .rodata.str1.4
                0x08002c68        0x4 c:/program files (x86)/gnu tools arm embedded/4.9 2014q4/bin/../lib/gcc/arm-none-eabi/4.9.3/../../../../arm-none-eabi/lib/armv7e-m\libg.a(lib_a-impure.o)
 .rodata._global_impure_ptr
                0x08002c6c        0x4 c:/program files (x86)/gnu tools arm embedded/4.9 2014q4/bin/../lib/gcc/arm-none-eabi/4.9.3/../../../../arm-none-eabi/lib/armv7e-m\libg.a(lib_a-impure.o)
                0x08002c6c                _global_impure_ptr
 *(.eh_fram e*)

.eh_frame       0x08002c70        0x0
 .eh_frame      0x08002c70        0x0 c:/program files (x86)/gnu tools arm embedded/4.9 2014q4/bin/../lib/gcc/arm-none-eabi/4.9.3/armv7e-m/crtbegin.o

.glue_7         0x08002c70        0x0
 .glue_7        0x00000000        0x0 linker stubs

.glue_7t        0x08002c70        0x0
 .glue_7t       0x00000000        0x0 linker stubs

.vfp11_veneer   0x08002c70        0x0
 .vfp11_veneer  0x00000000        0x0 linker stubs

.v4_bx          0x08002c70        0x0
 .v4_bx         0x00000000        0x0 linker stubs

.iplt           0x08002c70        0x0
 .iplt          0x00000000        0x0 c:/program files (x86)/gnu tools arm embedded/4.9 2014q4/bin/../lib/gcc/arm-none-eabi/4.9.3/armv7e-m/crtbegin.o

.rel.dyn        0x08002c70        0x0
 .rel.iplt      0x00000000        0x0 c:/program files (x86)/gnu tools arm embedded/4.9 2014q4/bin/../lib/gcc/arm-none-eabi/4.9.3/armv7e-m/crtbegin.o

.ARM.extab
 *(.ARM.extab* .gnu.linkonce.armextab.*)
                0x08002c70                __exidx_start = .

.ARM.exidx
 *(.ARM.exidx* .gnu.linkonce.armexidx.*)
                0x08002c70                __exidx_end = .
                0x08002c70                __etext = .
                0x08002c70                _sidata = __etext

.data           0x20000000      0x488 load address 0x08002c70
                0x20000000                __data_start__ = .
                0x20000000                _sdata = __data_start__
 *(vtable)
 *(.data*)
 .data          0x20000000       0x28 ..\obj\stm32_ub_led.o
                0x20000000                LED
 .data          0x20000028       0x10 ..\obj\stm32f4xx_rcc.o
 .data          0x20000038       0x14 ..\obj\system_stm32f4xx.o
                0x20000038                SystemCoreClock
                0x2000003c                AHBPrescTable
 *fill*         0x2000004c        0x4 
 .data.impure_data
                0x20000050      0x428 c:/program files (x86)/gnu tools arm embedded/4.9 2014q4/bin/../lib/gcc/arm-none-eabi/4.9.3/../../../../arm-none-eabi/lib/armv7e-m\libg.a(lib_a-impure.o)
                0x20000478                . = ALIGN (0x4)
                0x20000478                PROVIDE (__preinit_array_start, .)
 *(.preinit_array)
                0x20000478                PROVIDE (__preinit_array_end, .)
                0x20000478                . = ALIGN (0x4)
                0x20000478                PROVIDE (__init_array_start, .)
 *(SORT(.init_array.*))
 .init_array.00000
                0x20000478        0x4 c:/program files (x86)/gnu tools arm embedded/4.9 2014q4/bin/../lib/gcc/arm-none-eabi/4.9.3/../../../../arm-none-eabi/lib/armv7e-m\libg.a(lib_a-__call_atexit.o)
 *(.init_array)
 .init_array    0x2000047c        0x4 c:/program files (x86)/gnu tools arm embedded/4.9 2014q4/bin/../lib/gcc/arm-none-eabi/4.9.3/armv7e-m/crtbegin.o
                0x20000480                PROVIDE (__init_array_end, .)
                0x20000480                . = ALIGN (0x4)
                0x20000480                PROVIDE (__fini_array_start, .)
 *(SORT(.fini_array.*))
 *(.fini_array)
 .fini_array    0x20000480        0x4 c:/program files (x86)/gnu tools arm embedded/4.9 2014q4/bin/../lib/gcc/arm-none-eabi/4.9.3/armv7e-m/crtbegin.o
                0x20000484                PROVIDE (__fini_array_end, .)
 *(.jcr*)
 .jcr           0x20000484        0x0 c:/program files (x86)/gnu tools arm embedded/4.9 2014q4/bin/../lib/gcc/arm-none-eabi/4.9.3/armv7e-m/crtbegin.o
 .jcr           0x20000484        0x4 c:/program files (x86)/gnu tools arm embedded/4.9 2014q4/bin/../lib/gcc/arm-none-eabi/4.9.3/armv7e-m/crtend.o
                0x20000488                . = ALIGN (0x4)
                0x20000488                __data_end__ = .
                0x20000488                _edata = __data_end__

.igot.plt       0x20000488        0x0 load address 0x080030f8
 .igot.plt      0x00000000        0x0 c:/program files (x86)/gnu tools arm embedded/4.9 2014q4/bin/../lib/gcc/arm-none-eabi/4.9.3/armv7e-m/crtbegin.o

.bss            0x20000488       0x20 load address 0x080030f8
                0x20000488                . = ALIGN (0x4)
                0x20000488                __bss_start__ = .
                0x20000488                _sbss = __bss_start__
 *(.bss*)
 .bss           0x20000488       0x1c c:/program files (x86)/gnu tools arm embedded/4.9 2014q4/bin/../lib/gcc/arm-none-eabi/4.9.3/armv7e-m/crtbegin.o
 .bss           0x200004a4        0x1 ..\obj\stm32_ub_sdram.o
 *(COMMON)
                0x200004a8                . = ALIGN (0x4)
 *fill*         0x200004a5        0x3 
                0x200004a8                __bss_end__ = .
                0x200004a8                _ebss = __bss_end__

.heap           0x200004a8        0x0
                0x200004a8                __end__ = .
                0x200004a8                _end = __end__
                0x200004a8                end = __end__
 *(.heap*)
                0x200004a8                __HeapLimit = .

.co_stack       0x200004a8      0x800 load address 0x08003118
                0x200004a8                . = ALIGN (0x8)
 *(.co_stack .co_stack.*)
 .co_stack      0x200004a8      0x800 ..\obj\startup_stm32f4xx.o
                0x200004a8                pulStack
                0x20030000                __StackTop = (ORIGIN (ram) + 0x30000)
                0x2002f800                __StackLimit = (__StackTop - SIZEOF (.co_stack))
                0x20030000                PROVIDE (__stack, __StackTop)
                0x00000001                ASSERT ((__StackLimit >= __HeapLimit), region ram  overflowed with stack)
LOAD ..\obj\stm32f4xx_gpio.o
LOAD ..\obj\startup_stm32f4xx.o
LOAD ..\obj\stm32_ub_led.o
LOAD ..\obj\stm32f4xx_rcc.o
LOAD ..\obj\system_stm32f4xx.o
LOAD ..\obj\stm32f4xx_fmc.o
LOAD ..\obj\STM32F429_Discoveryboard.o
LOAD ..\obj\stm32_ub_sdram.o
LOAD ..\obj\main.o
START GROUP
LOAD c:/program files (x86)/gnu tools arm embedded/4.9 2014q4/bin/../lib/gcc/arm-none-eabi/4.9.3/armv7e-m\libgcc.a
LOAD c:/program files (x86)/gnu tools arm embedded/4.9 2014q4/bin/../lib/gcc/arm-none-eabi/4.9.3/../../../../arm-none-eabi/lib/armv7e-m\libg.a
LOAD c:/program files (x86)/gnu tools arm embedded/4.9 2014q4/bin/../lib/gcc/arm-none-eabi/4.9.3/../../../../arm-none-eabi/lib/armv7e-m\libc.a
END GROUP
LOAD c:/program files (x86)/gnu tools arm embedded/4.9 2014q4/bin/../lib/gcc/arm-none-eabi/4.9.3/armv7e-m/crtend.o
LOAD c:/program files (x86)/gnu tools arm embedded/4.9 2014q4/bin/../lib/gcc/arm-none-eabi/4.9.3/armv7e-m/crtn.o
OUTPUT(Repetier.elf elf32-littlearm)

.ARM.attributes
                0x00000000       0x2a
 .ARM.attributes
                0x00000000       0x1e c:/program files (x86)/gnu tools arm embedded/4.9 2014q4/bin/../lib/gcc/arm-none-eabi/4.9.3/armv7e-m/crti.o
 .ARM.attributes
                0x0000001e       0x2e c:/program files (x86)/gnu tools arm embedded/4.9 2014q4/bin/../lib/gcc/arm-none-eabi/4.9.3/armv7e-m/crtbegin.o
 .ARM.attributes
                0x0000004c       0x33 ..\obj\stm32f4xx_gpio.o
 .ARM.attributes
                0x0000007f       0x33 ..\obj\startup_stm32f4xx.o
 .ARM.attributes
                0x000000b2       0x33 ..\obj\stm32_ub_led.o
 .ARM.attributes
                0x000000e5       0x33 ..\obj\stm32f4xx_rcc.o
 .ARM.attributes
                0x00000118       0x33 ..\obj\system_stm32f4xx.o
 .ARM.attributes
                0x0000014b       0x33 ..\obj\stm32f4xx_fmc.o
 .ARM.attributes
                0x0000017e       0x33 ..\obj\stm32_ub_sdram.o
 .ARM.attributes
                0x000001b1       0x33 ..\obj\main.o
 .ARM.attributes
                0x000001e4       0x2e c:/program files (x86)/gnu tools arm embedded/4.9 2014q4/bin/../lib/gcc/arm-none-eabi/4.9.3/../../../../arm-none-eabi/lib/armv7e-m\libg.a(lib_a-impure.o)
 .ARM.attributes
                0x00000212       0x2e c:/program files (x86)/gnu tools arm embedded/4.9 2014q4/bin/../lib/gcc/arm-none-eabi/4.9.3/../../../../arm-none-eabi/lib/armv7e-m\libg.a(lib_a-__call_atexit.o)
 .ARM.attributes
                0x00000240       0x2e c:/program files (x86)/gnu tools arm embedded/4.9 2014q4/bin/../lib/gcc/arm-none-eabi/4.9.3/../../../../arm-none-eabi/lib/armv7e-m\libg.a(lib_a-atexit.o)
 .ARM.attributes
                0x0000026e       0x2e c:/program files (x86)/gnu tools arm embedded/4.9 2014q4/bin/../lib/gcc/arm-none-eabi/4.9.3/../../../../arm-none-eabi/lib/armv7e-m\libg.a(lib_a-fini.o)
 .ARM.attributes
                0x0000029c       0x2e c:/program files (x86)/gnu tools arm embedded/4.9 2014q4/bin/../lib/gcc/arm-none-eabi/4.9.3/../../../../arm-none-eabi/lib/armv7e-m\libg.a(lib_a-__atexit.o)
 .ARM.attributes
                0x000002ca       0x2e c:/program files (x86)/gnu tools arm embedded/4.9 2014q4/bin/../lib/gcc/arm-none-eabi/4.9.3/armv7e-m/crtend.o
 .ARM.attributes
                0x000002f8       0x1e c:/program files (x86)/gnu tools arm embedded/4.9 2014q4/bin/../lib/gcc/arm-none-eabi/4.9.3/armv7e-m/crtn.o

.comment        0x00000000       0x70
 .comment       0x00000000       0x70 ..\obj\stm32f4xx_gpio.o
                                 0x71 (size before relaxing)
 .comment       0x00000000       0x71 ..\obj\startup_stm32f4xx.o
 .comment       0x00000000       0x71 ..\obj\stm32_ub_led.o
 .comment       0x00000000       0x71 ..\obj\stm32f4xx_rcc.o
 .comment       0x00000000       0x71 ..\obj\system_stm32f4xx.o
 .comment       0x00000000       0x71 ..\obj\stm32f4xx_fmc.o
 .comment       0x00000000       0x71 ..\obj\stm32_ub_sdram.o
 .comment       0x00000000       0x71 ..\obj\main.o

.debug_info     0x00000000     0x33e7
 .debug_info    0x00000000      0x605 ..\obj\stm32f4xx_gpio.o
 .debug_info    0x00000605       0xed ..\obj\startup_stm32f4xx.o
 .debug_info    0x000006f2      0x40e ..\obj\stm32_ub_led.o
 .debug_info    0x00000b00      0xe11 ..\obj\stm32f4xx_rcc.o
 .debug_info    0x00001911      0x5bc ..\obj\system_stm32f4xx.o
 .debug_info    0x00001ecd      0xc86 ..\obj\stm32f4xx_fmc.o
 .debug_info    0x00002b53      0x720 ..\obj\stm32_ub_sdram.o
 .debug_info    0x00003273      0x174 ..\obj\main.o

.debug_abbrev   0x00000000      0xabc
 .debug_abbrev  0x00000000      0x1a3 ..\obj\stm32f4xx_gpio.o
 .debug_abbrev  0x000001a3       0xb0 ..\obj\startup_stm32f4xx.o
 .debug_abbrev  0x00000253      0x149 ..\obj\stm32_ub_led.o
 .debug_abbrev  0x0000039c      0x1ba ..\obj\stm32f4xx_rcc.o
 .debug_abbrev  0x00000556      0x136 ..\obj\system_stm32f4xx.o
 .debug_abbrev  0x0000068c      0x17f ..\obj\stm32f4xx_fmc.o
 .debug_abbrev  0x0000080b      0x1d1 ..\obj\stm32_ub_sdram.o
 .debug_abbrev  0x000009dc       0xe0 ..\obj\main.o

.debug_aranges  0x00000000      0x100
 .debug_aranges
                0x00000000       0x20 ..\obj\stm32f4xx_gpio.o
 .debug_aranges
                0x00000020       0x20 ..\obj\startup_stm32f4xx.o
 .debug_aranges
                0x00000040       0x20 ..\obj\stm32_ub_led.o
 .debug_aranges
                0x00000060       0x20 ..\obj\stm32f4xx_rcc.o
 .debug_aranges
                0x00000080       0x20 ..\obj\system_stm32f4xx.o
 .debug_aranges
                0x000000a0       0x20 ..\obj\stm32f4xx_fmc.o
 .debug_aranges
                0x000000c0       0x20 ..\obj\stm32_ub_sdram.o
 .debug_aranges
                0x000000e0       0x20 ..\obj\main.o

.debug_line     0x00000000     0x19ad
 .debug_line    0x00000000      0x367 ..\obj\stm32f4xx_gpio.o
 .debug_line    0x00000367       0xc3 ..\obj\startup_stm32f4xx.o
 .debug_line    0x0000042a      0x2f6 ..\obj\stm32_ub_led.o
 .debug_line    0x00000720      0x479 ..\obj\stm32f4xx_rcc.o
 .debug_line    0x00000b99      0x255 ..\obj\system_stm32f4xx.o
 .debug_line    0x00000dee      0x4e0 ..\obj\stm32f4xx_fmc.o
 .debug_line    0x000012ce      0x3ff ..\obj\stm32_ub_sdram.o
 .debug_line    0x000016cd      0x2e0 ..\obj\main.o

.debug_str      0x00000000     0x1b3e
 .debug_str     0x00000000      0x468 ..\obj\stm32f4xx_gpio.o
                                0x4be (size before relaxing)
 .debug_str     0x00000468       0xde ..\obj\startup_stm32f4xx.o
                                0x162 (size before relaxing)
 .debug_str     0x00000546      0x12f ..\obj\stm32_ub_led.o
                                0x405 (size before relaxing)
 .debug_str     0x00000675      0x816 ..\obj\stm32f4xx_rcc.o
                                0x9b8 (size before relaxing)
 .debug_str     0x00000e8b      0x14d ..\obj\system_stm32f4xx.o
                                0x3df (size before relaxing)
 .debug_str     0x00000fd8      0x8f7 ..\obj\stm32f4xx_fmc.o
                                0xa86 (size before relaxing)
 .debug_str     0x000018cf      0x1fb ..\obj\stm32_ub_sdram.o
                                0x702 (size before relaxing)
 .debug_str     0x00001aca       0x74 ..\obj\main.o
                                0x1f0 (size before relaxing)

.debug_frame    0x00000000     0x1358
 .debug_frame   0x00000000      0x23c ..\obj\stm32f4xx_gpio.o
 .debug_frame   0x0000023c       0x4c ..\obj\startup_stm32f4xx.o
 .debug_frame   0x00000288       0xd0 ..\obj\stm32_ub_led.o
 .debug_frame   0x00000358      0x814 ..\obj\stm32f4xx_rcc.o
 .debug_frame   0x00000b6c       0x7c ..\obj\system_stm32f4xx.o
 .debug_frame   0x00000be8      0x440 ..\obj\stm32f4xx_fmc.o
 .debug_frame   0x00001028      0x200 ..\obj\stm32_ub_sdram.o
 .debug_frame   0x00001228       0x58 ..\obj\main.o
 .debug_frame   0x00001280       0x50 c:/program files (x86)/gnu tools arm embedded/4.9 2014q4/bin/../lib/gcc/arm-none-eabi/4.9.3/../../../../arm-none-eabi/lib/armv7e-m\libg.a(lib_a-__call_atexit.o)
 .debug_frame   0x000012d0       0x20 c:/program files (x86)/gnu tools arm embedded/4.9 2014q4/bin/../lib/gcc/arm-none-eabi/4.9.3/../../../../arm-none-eabi/lib/armv7e-m\libg.a(lib_a-atexit.o)
 .debug_frame   0x000012f0       0x34 c:/program files (x86)/gnu tools arm embedded/4.9 2014q4/bin/../lib/gcc/arm-none-eabi/4.9.3/../../../../arm-none-eabi/lib/armv7e-m\libg.a(lib_a-fini.o)
 .debug_frame   0x00001324       0x34 c:/program files (x86)/gnu tools arm embedded/4.9 2014q4/bin/../lib/gcc/arm-none-eabi/4.9.3/../../../../arm-none-eabi/lib/armv7e-m\libg.a(lib_a-__atexit.o)
